3*3=9 3*4=12 3*5=:=) 
4*3=12 4*4=16 4*5=20 
5*3=:=) 5*4=20 5*5=25 
