10*10=100 10*11=110 10*12=120 
11*10=110 11*11=121 11*12=132 
12*10=120 12*11=132 12*12=144 
