15*15=:=) 15*16=240 15*17=255 
16*15=:=) 16*16=256 16*17=272 
17*15=:=) 17*16=272 17*17=289 
