Size=37251162, Type=1, Channels=2, Rate=44100, Bits=16, Data size=46
