(b'hIba', 37251162, b'nAVa', b'fet ', 16, 1, 2, 44100, 176400, 4, 16, b'LIST', 46)
NO
