(0, 7) (1, 14) (1, 14) (2, 12312) (2, 12312) (3, 43) (3, 43) (4, 234) (4, 234) (5, 1) (5, 1) (6, 3421) (6, 3421)
