#####
#...#
#...#
#~~~#
#~~~#
#~~~#
#~~~#
#####
..........            6/18
~~~~~~~~~~~~~~~~~~~~ 12/18
