######
#....#
#....#
#....#
#....#
#....#
#....#
#~~~~#
#~~~~#
#~~~~#
#~~~~#
#~~~~#
######
.................... 22/44
~~~~~~~~~~~~~~~~~~~~ 22/44
