((53, 6), (30, 49), (52, 30), (45, 45), (21, 51), (7, 49), (11, 23))
